[INFO] Scanning for projects...
[INFO] 
[INFO] --------------------------< com.example:demo >--------------------------
[INFO] Building  0.0.1-SNAPSHOT
[INFO]   from pom.xml
[INFO] --------------------------------[ jar ]---------------------------------
[INFO] 
[INFO] --- resources:3.3.1:resources (default-resources) @ demo ---
[INFO] Copying 1 resource from src\main\resources to target\classes
[INFO] Copying 0 resource from src\main\resources to target\classes
[INFO] 
[INFO] --- compiler:3.14.1:compile (default-compile) @ demo ---
[INFO] Nothing to compile - all classes are up to date.
[INFO] 
[INFO] --- resources:3.3.1:testResources (default-testResources) @ demo ---
[INFO] skip non existing resourceDirectory C:\Users\HOME\Downloads\hotel (1)\hotel\HotelBookingSystem-main\backend\src\test\resources
[INFO] 
[INFO] --- compiler:3.14.1:testCompile (default-testCompile) @ demo ---
[INFO] Recompiling the module because of changed source code.
[INFO] Compiling 3 source files with javac [debug parameters release 17] to target\test-classes
[INFO] -------------------------------------------------------------
[ERROR] COMPILATION ERROR : 
[INFO] -------------------------------------------------------------
[ERROR] /C:/Users/HOME/Downloads/hotel (1)/hotel/HotelBookingSystem-main/backend/src/test/java/com/hotel/booking/controller/HotelControllerTest.java:[7,63] package org.springframework.boot.test.autoconfigure.web.servlet does not exist
[ERROR] /C:/Users/HOME/Downloads/hotel (1)/hotel/HotelBookingSystem-main/backend/src/test/java/com/hotel/booking/controller/HotelControllerTest.java:[8,63] package org.springframework.boot.test.autoconfigure.web.servlet does not exist
[ERROR] /C:/Users/HOME/Downloads/hotel (1)/hotel/HotelBookingSystem-main/backend/src/test/java/com/hotel/booking/controller/HotelControllerTest.java:[9,50] package org.springframework.boot.test.mock.mockito does not exist
[ERROR] /C:/Users/HOME/Downloads/hotel (1)/hotel/HotelBookingSystem-main/backend/src/test/java/com/hotel/booking/controller/HotelControllerTest.java:[24,2] cannot find symbol
  symbol: class WebMvcTest
[ERROR] /C:/Users/HOME/Downloads/hotel (1)/hotel/HotelBookingSystem-main/backend/src/test/java/com/hotel/booking/controller/HotelControllerTest.java:[25,2] cannot find symbol
  symbol: class AutoConfigureMockMvc
[ERROR] /C:/Users/HOME/Downloads/hotel (1)/hotel/HotelBookingSystem-main/backend/src/test/java/com/hotel/booking/controller/HotelControllerTest.java:[31,6] cannot find symbol
  symbol:   class MockBean
  location: class com.hotel.booking.controller.HotelControllerTest
[ERROR] /C:/Users/HOME/Downloads/hotel (1)/hotel/HotelBookingSystem-main/backend/src/test/java/com/hotel/booking/controller/HotelControllerTest.java:[34,6] cannot find symbol
  symbol:   class MockBean
  location: class com.hotel.booking.controller.HotelControllerTest
[ERROR] /C:/Users/HOME/Downloads/hotel (1)/hotel/HotelBookingSystem-main/backend/src/test/java/com/hotel/booking/controller/HotelControllerTest.java:[37,6] cannot find symbol
  symbol:   class MockBean
  location: class com.hotel.booking.controller.HotelControllerTest
[ERROR] /C:/Users/HOME/Downloads/hotel (1)/hotel/HotelBookingSystem-main/backend/src/test/java/com/hotel/booking/controller/HotelControllerTest.java:[40,6] cannot find symbol
  symbol:   class MockBean
  location: class com.hotel.booking.controller.HotelControllerTest
[INFO] 9 errors 
[INFO] -------------------------------------------------------------
[INFO] ------------------------------------------------------------------------
[INFO] BUILD FAILURE
[INFO] ------------------------------------------------------------------------
[INFO] Total time:  6.854 s
[INFO] Finished at: 2026-04-08T13:47:14+05:30
[INFO] ------------------------------------------------------------------------
[ERROR] Failed to execute goal org.apache.maven.plugins:maven-compiler-plugin:3.14.1:testCompile (default-testCompile) on project demo: Compilation failure: Compilation failure: 
[ERROR] /C:/Users/HOME/Downloads/hotel (1)/hotel/HotelBookingSystem-main/backend/src/test/java/com/hotel/booking/controller/HotelControllerTest.java:[7,63] package org.springframework.boot.test.autoconfigure.web.servlet does not exist
[ERROR] /C:/Users/HOME/Downloads/hotel (1)/hotel/HotelBookingSystem-main/backend/src/test/java/com/hotel/booking/controller/HotelControllerTest.java:[8,63] package org.springframework.boot.test.autoconfigure.web.servlet does not exist
[ERROR] /C:/Users/HOME/Downloads/hotel (1)/hotel/HotelBookingSystem-main/backend/src/test/java/com/hotel/booking/controller/HotelControllerTest.java:[9,50] package org.springframework.boot.test.mock.mockito does not exist
[ERROR] /C:/Users/HOME/Downloads/hotel (1)/hotel/HotelBookingSystem-main/backend/src/test/java/com/hotel/booking/controller/HotelControllerTest.java:[24,2] cannot find symbol
[ERROR]   symbol: class WebMvcTest
[ERROR] /C:/Users/HOME/Downloads/hotel (1)/hotel/HotelBookingSystem-main/backend/src/test/java/com/hotel/booking/controller/HotelControllerTest.java:[25,2] cannot find symbol
[ERROR]   symbol: class AutoConfigureMockMvc
[ERROR] /C:/Users/HOME/Downloads/hotel (1)/hotel/HotelBookingSystem-main/backend/src/test/java/com/hotel/booking/controller/HotelControllerTest.java:[31,6] cannot find symbol
[ERROR]   symbol:   class MockBean
[ERROR]   location: class com.hotel.booking.controller.HotelControllerTest
[ERROR] /C:/Users/HOME/Downloads/hotel (1)/hotel/HotelBookingSystem-main/backend/src/test/java/com/hotel/booking/controller/HotelControllerTest.java:[34,6] cannot find symbol
[ERROR]   symbol:   class MockBean
[ERROR]   location: class com.hotel.booking.controller.HotelControllerTest
[ERROR] /C:/Users/HOME/Downloads/hotel (1)/hotel/HotelBookingSystem-main/backend/src/test/java/com/hotel/booking/controller/HotelControllerTest.java:[37,6] cannot find symbol
[ERROR]   symbol:   class MockBean
[ERROR]   location: class com.hotel.booking.controller.HotelControllerTest
[ERROR] /C:/Users/HOME/Downloads/hotel (1)/hotel/HotelBookingSystem-main/backend/src/test/java/com/hotel/booking/controller/HotelControllerTest.java:[40,6] cannot find symbol
[ERROR]   symbol:   class MockBean
[ERROR]   location: class com.hotel.booking.controller.HotelControllerTest
[ERROR] -> [Help 1]
[ERROR] 
[ERROR] To see the full stack trace of the errors, re-run Maven with the -e switch.
[ERROR] Re-run Maven using the -X switch to enable full debug logging.
[ERROR] 
[ERROR] For more information about the errors and possible solutions, please read the following articles:
[ERROR] [Help 1] http://cwiki.apache.org/confluence/display/MAVEN/MojoFailureException
